[2025-09-08 09:00:36,650] [INFO] ess.py:102 - Config check passed
[2025-09-08 09:00:36,650] [INFO] ess.py:106 - Redis connection established
[2025-09-08 09:00:36,650] [INFO] ess.py:72 - sucessfullly assigned jobs 
[2025-09-08 09:00:36,650] [INFO] ess.py:93 - is_server_alive:None,is_ess_alive:None,working_server:None
[2025-09-08 09:00:37,652] [INFO] ess.py:93 - is_server_alive:None,is_ess_alive:None,working_server:None
[2025-09-08 09:00:38,653] [INFO] ess.py:93 - is_server_alive:None,is_ess_alive:None,working_server:None
[2025-09-08 09:00:39,653] [INFO] ess.py:93 - is_server_alive:None,is_ess_alive:None,working_server:None
[2025-09-08 09:00:40,654] [INFO] ess.py:93 - is_server_alive:None,is_ess_alive:None,working_server:None
[2025-09-08 09:00:41,654] [INFO] ess.py:93 - is_server_alive:None,is_ess_alive:None,working_server:None
[2025-09-08 09:00:42,654] [INFO] ess.py:93 - is_server_alive:None,is_ess_alive:None,working_server:None
[2025-09-08 09:00:43,655] [INFO] ess.py:93 - is_server_alive:None,is_ess_alive:None,working_server:None
[2025-09-08 09:00:44,655] [INFO] ess.py:93 - is_server_alive:None,is_ess_alive:None,working_server:None
[2025-09-08 09:00:45,656] [INFO] ess.py:93 - is_server_alive:None,is_ess_alive:None,working_server:None
[2025-09-08 09:00:46,658] [INFO] ess.py:93 - is_server_alive:None,is_ess_alive:None,working_server:None
[2025-09-08 09:00:47,659] [INFO] ess.py:93 - is_server_alive:None,is_ess_alive:True,working_server:None
[2025-09-08 09:00:48,659] [INFO] ess.py:93 - is_server_alive:None,is_ess_alive:True,working_server:None
[2025-09-08 09:00:49,659] [INFO] ess.py:93 - is_server_alive:None,is_ess_alive:True,working_server:None
[2025-09-08 09:00:50,660] [INFO] ess.py:93 - is_server_alive:None,is_ess_alive:True,working_server:None
[2025-09-08 09:00:51,690] [INFO] ess.py:93 - is_server_alive:None,is_ess_alive:True,working_server:None
[2025-09-08 09:00:52,691] [INFO] ess.py:93 - is_server_alive:None,is_ess_alive:True,working_server:None
[2025-09-08 09:00:53,691] [INFO] ess.py:93 - is_server_alive:None,is_ess_alive:True,working_server:None
[2025-09-08 09:00:54,692] [INFO] ess.py:93 - is_server_alive:None,is_ess_alive:True,working_server:None
[2025-09-08 09:00:55,692] [INFO] ess.py:93 - is_server_alive:None,is_ess_alive:True,working_server:None
[2025-09-08 09:00:56,693] [INFO] ess.py:93 - is_server_alive:None,is_ess_alive:True,working_server:None
[2025-09-08 09:00:57,694] [INFO] ess.py:93 - is_server_alive:None,is_ess_alive:True,working_server:None
[2025-09-08 09:00:58,694] [INFO] ess.py:93 - is_server_alive:None,is_ess_alive:True,working_server:None
[2025-09-08 09:00:59,695] [INFO] ess.py:93 - is_server_alive:None,is_ess_alive:True,working_server:None
[2025-09-08 09:01:00,696] [INFO] ess.py:93 - is_server_alive:None,is_ess_alive:True,working_server:None
[2025-09-08 09:01:01,696] [INFO] ess.py:93 - is_server_alive:None,is_ess_alive:True,working_server:None
[2025-09-08 09:01:02,697] [INFO] ess.py:93 - is_server_alive:None,is_ess_alive:True,working_server:None
[2025-09-08 09:01:03,698] [INFO] ess.py:93 - is_server_alive:None,is_ess_alive:True,working_server:None
[2025-09-08 09:01:04,698] [INFO] ess.py:93 - is_server_alive:None,is_ess_alive:True,working_server:None
[2025-09-08 09:01:05,699] [INFO] ess.py:93 - is_server_alive:None,is_ess_alive:True,working_server:None
[2025-09-08 09:01:06,699] [INFO] ess.py:93 - is_server_alive:None,is_ess_alive:True,working_server:None
[2025-09-08 09:01:07,700] [INFO] ess.py:93 - is_server_alive:None,is_ess_alive:True,working_server:None
[2025-09-08 09:01:08,701] [INFO] ess.py:93 - is_server_alive:None,is_ess_alive:True,working_server:None
[2025-09-08 09:01:09,701] [INFO] ess.py:93 - is_server_alive:None,is_ess_alive:True,working_server:None
[2025-09-08 09:01:10,702] [INFO] ess.py:93 - is_server_alive:None,is_ess_alive:True,working_server:None
[2025-09-08 09:01:11,702] [INFO] ess.py:93 - is_server_alive:None,is_ess_alive:True,working_server:None
[2025-09-08 09:01:12,703] [INFO] ess.py:93 - is_server_alive:None,is_ess_alive:True,working_server:None
[2025-09-08 09:01:13,704] [INFO] ess.py:93 - is_server_alive:None,is_ess_alive:True,working_server:None
[2025-09-08 09:01:14,704] [INFO] ess.py:93 - is_server_alive:None,is_ess_alive:True,working_server:None
[2025-09-08 09:01:15,704] [INFO] ess.py:93 - is_server_alive:None,is_ess_alive:True,working_server:None
[2025-09-08 09:01:16,705] [INFO] ess.py:93 - is_server_alive:None,is_ess_alive:True,working_server:None
[2025-09-08 09:01:17,706] [INFO] ess.py:93 - is_server_alive:None,is_ess_alive:True,working_server:None
[2025-09-08 09:01:18,706] [INFO] ess.py:93 - is_server_alive:None,is_ess_alive:True,working_server:None
[2025-09-08 09:01:19,707] [INFO] ess.py:93 - is_server_alive:None,is_ess_alive:True,working_server:None
[2025-09-08 09:01:20,707] [INFO] ess.py:93 - is_server_alive:None,is_ess_alive:True,working_server:None
[2025-09-08 09:01:21,707] [INFO] ess.py:93 - is_server_alive:None,is_ess_alive:True,working_server:None
[2025-09-08 09:01:22,708] [INFO] ess.py:93 - is_server_alive:None,is_ess_alive:True,working_server:None
[2025-09-08 09:01:23,709] [INFO] ess.py:93 - is_server_alive:None,is_ess_alive:True,working_server:None
[2025-09-08 09:01:24,709] [INFO] ess.py:93 - is_server_alive:None,is_ess_alive:True,working_server:None
[2025-09-08 09:01:25,710] [INFO] ess.py:93 - is_server_alive:None,is_ess_alive:True,working_server:None
[2025-09-08 09:01:26,710] [INFO] ess.py:93 - is_server_alive:None,is_ess_alive:True,working_server:None
[2025-09-08 09:01:27,711] [INFO] ess.py:93 - is_server_alive:None,is_ess_alive:True,working_server:None
[2025-09-08 09:01:28,712] [INFO] ess.py:93 - is_server_alive:None,is_ess_alive:True,working_server:None
[2025-09-08 09:01:29,713] [INFO] ess.py:93 - is_server_alive:None,is_ess_alive:True,working_server:None
[2025-09-08 09:01:30,713] [INFO] ess.py:93 - is_server_alive:None,is_ess_alive:True,working_server:None
[2025-09-08 09:01:31,714] [INFO] ess.py:93 - is_server_alive:None,is_ess_alive:True,working_server:None
[2025-09-08 09:01:32,714] [INFO] ess.py:93 - is_server_alive:None,is_ess_alive:True,working_server:None
[2025-09-08 09:01:33,714] [INFO] ess.py:93 - is_server_alive:None,is_ess_alive:True,working_server:None
[2025-09-08 09:01:34,715] [INFO] ess.py:93 - is_server_alive:None,is_ess_alive:True,working_server:None
[2025-09-08 09:01:35,715] [INFO] ess.py:93 - is_server_alive:None,is_ess_alive:True,working_server:None
[2025-09-08 09:01:36,716] [INFO] ess.py:93 - is_server_alive:None,is_ess_alive:True,working_server:None
[2025-09-08 09:01:37,717] [INFO] ess.py:93 - is_server_alive:None,is_ess_alive:True,working_server:None
[2025-09-08 09:01:38,717] [INFO] ess.py:93 - is_server_alive:None,is_ess_alive:True,working_server:None
[2025-09-08 09:01:39,717] [INFO] ess.py:93 - is_server_alive:None,is_ess_alive:True,working_server:None
[2025-09-08 09:01:40,718] [INFO] ess.py:93 - is_server_alive:None,is_ess_alive:True,working_server:None
[2025-09-08 09:01:41,719] [INFO] ess.py:93 - is_server_alive:None,is_ess_alive:True,working_server:None
[2025-09-08 09:01:42,719] [INFO] ess.py:93 - is_server_alive:None,is_ess_alive:True,working_server:None
[2025-09-08 09:01:43,720] [INFO] ess.py:93 - is_server_alive:None,is_ess_alive:True,working_server:None
[2025-09-08 09:01:44,721] [INFO] ess.py:93 - is_server_alive:None,is_ess_alive:True,working_server:None
[2025-09-08 09:01:45,721] [INFO] ess.py:93 - is_server_alive:None,is_ess_alive:True,working_server:None
[2025-09-08 09:01:46,722] [INFO] ess.py:93 - is_server_alive:None,is_ess_alive:True,working_server:None
[2025-09-08 09:01:47,723] [INFO] ess.py:93 - is_server_alive:None,is_ess_alive:True,working_server:None
[2025-09-08 09:01:48,724] [INFO] ess.py:93 - is_server_alive:None,is_ess_alive:True,working_server:None
[2025-09-08 09:01:49,724] [INFO] ess.py:93 - is_server_alive:None,is_ess_alive:True,working_server:None
[2025-09-08 09:01:50,725] [INFO] ess.py:93 - is_server_alive:None,is_ess_alive:True,working_server:None
[2025-09-08 09:01:51,725] [INFO] ess.py:93 - is_server_alive:None,is_ess_alive:True,working_server:None
[2025-09-08 09:01:52,726] [INFO] ess.py:93 - is_server_alive:None,is_ess_alive:True,working_server:None
[2025-09-08 09:01:53,727] [INFO] ess.py:93 - is_server_alive:None,is_ess_alive:True,working_server:None
[2025-09-08 09:01:54,728] [INFO] ess.py:93 - is_server_alive:None,is_ess_alive:True,working_server:None
[2025-09-08 09:01:55,728] [INFO] ess.py:93 - is_server_alive:None,is_ess_alive:True,working_server:None
[2025-09-08 09:01:56,729] [INFO] ess.py:93 - is_server_alive:None,is_ess_alive:True,working_server:None
[2025-09-08 09:01:57,729] [INFO] ess.py:93 - is_server_alive:None,is_ess_alive:True,working_server:None
[2025-09-08 09:01:58,730] [INFO] ess.py:93 - is_server_alive:None,is_ess_alive:True,working_server:None
[2025-09-08 09:01:59,731] [INFO] ess.py:93 - is_server_alive:None,is_ess_alive:True,working_server:None
[2025-09-08 09:02:00,731] [INFO] ess.py:93 - is_server_alive:None,is_ess_alive:True,working_server:None
[2025-09-08 09:02:01,732] [INFO] ess.py:93 - is_server_alive:None,is_ess_alive:True,working_server:None
[2025-09-08 09:02:02,733] [INFO] ess.py:93 - is_server_alive:None,is_ess_alive:True,working_server:None
[2025-09-08 09:02:03,733] [INFO] ess.py:93 - is_server_alive:None,is_ess_alive:True,working_server:None
[2025-09-08 09:02:04,734] [INFO] ess.py:93 - is_server_alive:None,is_ess_alive:True,working_server:None
[2025-09-08 09:02:05,734] [INFO] ess.py:93 - is_server_alive:None,is_ess_alive:True,working_server:None
[2025-09-08 09:02:06,735] [INFO] ess.py:93 - is_server_alive:None,is_ess_alive:True,working_server:None
[2025-09-08 09:02:07,736] [INFO] ess.py:93 - is_server_alive:None,is_ess_alive:True,working_server:None
[2025-09-08 09:02:08,736] [INFO] ess.py:93 - is_server_alive:None,is_ess_alive:True,working_server:None
[2025-09-08 09:02:09,737] [INFO] ess.py:93 - is_server_alive:None,is_ess_alive:True,working_server:None
[2025-09-08 09:02:10,738] [INFO] ess.py:93 - is_server_alive:None,is_ess_alive:True,working_server:None
[2025-09-08 09:02:11,738] [INFO] ess.py:93 - is_server_alive:None,is_ess_alive:True,working_server:None
[2025-09-08 09:02:12,739] [INFO] ess.py:93 - is_server_alive:None,is_ess_alive:True,working_server:None
[2025-09-08 09:02:13,739] [INFO] ess.py:93 - is_server_alive:None,is_ess_alive:True,working_server:None
[2025-09-08 09:02:14,740] [INFO] ess.py:93 - is_server_alive:None,is_ess_alive:True,working_server:None
[2025-09-08 09:02:15,740] [INFO] ess.py:93 - is_server_alive:None,is_ess_alive:True,working_server:None
[2025-09-08 09:02:16,741] [INFO] ess.py:93 - is_server_alive:None,is_ess_alive:True,working_server:None
[2025-09-08 09:02:17,742] [INFO] ess.py:93 - is_server_alive:None,is_ess_alive:True,working_server:None
[2025-09-08 09:02:18,742] [INFO] ess.py:93 - is_server_alive:None,is_ess_alive:True,working_server:None
[2025-09-08 09:02:19,743] [INFO] ess.py:93 - is_server_alive:None,is_ess_alive:True,working_server:None
[2025-09-08 09:02:20,743] [INFO] ess.py:93 - is_server_alive:None,is_ess_alive:True,working_server:None
[2025-09-08 09:02:21,744] [INFO] ess.py:93 - is_server_alive:None,is_ess_alive:True,working_server:None
[2025-09-08 09:02:22,745] [INFO] ess.py:93 - is_server_alive:None,is_ess_alive:True,working_server:None
[2025-09-08 09:02:23,745] [INFO] ess.py:93 - is_server_alive:None,is_ess_alive:True,working_server:None
[2025-09-08 09:02:24,746] [INFO] ess.py:93 - is_server_alive:None,is_ess_alive:True,working_server:None
[2025-09-08 09:02:25,746] [INFO] ess.py:93 - is_server_alive:None,is_ess_alive:True,working_server:None
[2025-09-08 09:02:26,747] [INFO] ess.py:93 - is_server_alive:None,is_ess_alive:True,working_server:None
[2025-09-08 09:02:27,748] [INFO] ess.py:93 - is_server_alive:None,is_ess_alive:True,working_server:None
[2025-09-08 09:02:28,748] [INFO] ess.py:93 - is_server_alive:None,is_ess_alive:True,working_server:None
[2025-09-08 09:02:29,749] [INFO] ess.py:93 - is_server_alive:None,is_ess_alive:True,working_server:None
[2025-09-08 09:02:30,749] [INFO] ess.py:93 - is_server_alive:None,is_ess_alive:True,working_server:None
[2025-09-08 09:02:31,750] [INFO] ess.py:93 - is_server_alive:None,is_ess_alive:True,working_server:None
[2025-09-08 09:02:32,750] [INFO] ess.py:93 - is_server_alive:None,is_ess_alive:True,working_server:None
[2025-09-08 09:02:33,751] [INFO] ess.py:93 - is_server_alive:None,is_ess_alive:True,working_server:None
[2025-09-08 09:02:34,751] [INFO] ess.py:93 - is_server_alive:None,is_ess_alive:True,working_server:None
[2025-09-08 09:02:35,752] [INFO] ess.py:93 - is_server_alive:None,is_ess_alive:True,working_server:None
[2025-09-08 09:02:36,752] [INFO] ess.py:93 - is_server_alive:None,is_ess_alive:True,working_server:None
[2025-09-08 09:02:37,753] [INFO] ess.py:93 - is_server_alive:None,is_ess_alive:True,working_server:None
[2025-09-08 09:02:38,754] [INFO] ess.py:93 - is_server_alive:None,is_ess_alive:True,working_server:None
[2025-09-08 09:02:39,755] [INFO] ess.py:93 - is_server_alive:None,is_ess_alive:True,working_server:None
[2025-09-08 09:02:40,755] [INFO] ess.py:93 - is_server_alive:None,is_ess_alive:True,working_server:None
[2025-09-08 09:02:41,755] [INFO] ess.py:93 - is_server_alive:None,is_ess_alive:True,working_server:None
[2025-09-08 09:02:42,756] [INFO] ess.py:93 - is_server_alive:None,is_ess_alive:True,working_server:None
[2025-09-08 09:02:43,757] [INFO] ess.py:93 - is_server_alive:None,is_ess_alive:True,working_server:None
[2025-09-08 09:02:44,757] [INFO] ess.py:93 - is_server_alive:None,is_ess_alive:True,working_server:None
[2025-09-08 09:02:45,758] [INFO] ess.py:93 - is_server_alive:None,is_ess_alive:True,working_server:None
[2025-09-08 09:02:46,759] [INFO] ess.py:93 - is_server_alive:None,is_ess_alive:True,working_server:None
[2025-09-08 09:02:47,760] [INFO] ess.py:93 - is_server_alive:None,is_ess_alive:True,working_server:None
[2025-09-08 09:02:48,760] [INFO] ess.py:93 - is_server_alive:None,is_ess_alive:True,working_server:None
[2025-09-08 09:02:49,761] [INFO] ess.py:93 - is_server_alive:None,is_ess_alive:True,working_server:None
[2025-09-08 09:02:50,761] [INFO] ess.py:93 - is_server_alive:None,is_ess_alive:True,working_server:None
[2025-09-08 09:02:51,762] [INFO] ess.py:93 - is_server_alive:None,is_ess_alive:True,working_server:None
[2025-09-08 09:02:52,763] [INFO] ess.py:93 - is_server_alive:None,is_ess_alive:True,working_server:None
[2025-09-08 09:02:53,764] [INFO] ess.py:93 - is_server_alive:None,is_ess_alive:True,working_server:None
[2025-09-08 09:02:54,764] [INFO] ess.py:93 - is_server_alive:None,is_ess_alive:True,working_server:None
[2025-09-08 09:02:55,765] [INFO] ess.py:93 - is_server_alive:None,is_ess_alive:True,working_server:None
[2025-09-08 09:02:56,765] [INFO] ess.py:93 - is_server_alive:None,is_ess_alive:True,working_server:None
[2025-09-08 09:02:57,766] [INFO] ess.py:93 - is_server_alive:None,is_ess_alive:True,working_server:None
[2025-09-08 09:02:58,767] [INFO] ess.py:93 - is_server_alive:None,is_ess_alive:True,working_server:None
[2025-09-08 09:02:59,767] [INFO] ess.py:93 - is_server_alive:None,is_ess_alive:True,working_server:None
[2025-09-08 09:03:00,768] [INFO] ess.py:93 - is_server_alive:None,is_ess_alive:True,working_server:None
[2025-09-08 09:03:01,768] [INFO] ess.py:93 - is_server_alive:None,is_ess_alive:True,working_server:None
[2025-09-08 09:03:02,769] [INFO] ess.py:93 - is_server_alive:None,is_ess_alive:True,working_server:None
[2025-09-08 09:03:03,770] [INFO] ess.py:93 - is_server_alive:None,is_ess_alive:True,working_server:None
[2025-09-08 09:03:04,770] [INFO] ess.py:93 - is_server_alive:None,is_ess_alive:True,working_server:None
[2025-09-08 09:03:05,771] [INFO] ess.py:93 - is_server_alive:None,is_ess_alive:True,working_server:None
[2025-09-08 09:03:06,772] [INFO] ess.py:93 - is_server_alive:None,is_ess_alive:True,working_server:None
[2025-09-08 09:03:07,773] [INFO] ess.py:93 - is_server_alive:None,is_ess_alive:True,working_server:None
[2025-09-08 09:03:08,773] [INFO] ess.py:93 - is_server_alive:None,is_ess_alive:True,working_server:None
[2025-09-08 09:03:09,774] [INFO] ess.py:93 - is_server_alive:None,is_ess_alive:True,working_server:None
[2025-09-08 09:03:10,775] [INFO] ess.py:93 - is_server_alive:None,is_ess_alive:True,working_server:None
[2025-09-08 09:03:11,776] [INFO] ess.py:93 - is_server_alive:None,is_ess_alive:True,working_server:None
[2025-09-08 09:03:12,776] [INFO] ess.py:93 - is_server_alive:None,is_ess_alive:True,working_server:None
[2025-09-08 09:03:13,777] [INFO] ess.py:93 - is_server_alive:None,is_ess_alive:True,working_server:None
[2025-09-08 09:03:14,778] [INFO] ess.py:93 - is_server_alive:None,is_ess_alive:True,working_server:None
[2025-09-08 09:03:15,778] [INFO] ess.py:93 - is_server_alive:None,is_ess_alive:True,working_server:None
[2025-09-08 09:03:16,779] [INFO] ess.py:93 - is_server_alive:None,is_ess_alive:True,working_server:None
[2025-09-08 09:03:17,779] [INFO] ess.py:93 - is_server_alive:None,is_ess_alive:True,working_server:None
[2025-09-08 09:03:18,780] [INFO] ess.py:93 - is_server_alive:None,is_ess_alive:True,working_server:None
[2025-09-08 09:03:19,780] [INFO] ess.py:93 - is_server_alive:None,is_ess_alive:True,working_server:None
[2025-09-08 09:03:20,781] [INFO] ess.py:93 - is_server_alive:None,is_ess_alive:True,working_server:None
[2025-09-08 09:03:21,782] [INFO] ess.py:93 - is_server_alive:None,is_ess_alive:True,working_server:None
[2025-09-08 09:03:22,783] [INFO] ess.py:93 - is_server_alive:None,is_ess_alive:True,working_server:None
[2025-09-08 09:03:23,783] [INFO] ess.py:93 - is_server_alive:None,is_ess_alive:True,working_server:None
[2025-09-08 09:03:24,784] [INFO] ess.py:93 - is_server_alive:None,is_ess_alive:True,working_server:None
[2025-09-08 09:03:25,784] [INFO] ess.py:93 - is_server_alive:None,is_ess_alive:True,working_server:None
[2025-09-08 09:03:26,785] [INFO] ess.py:93 - is_server_alive:None,is_ess_alive:True,working_server:None
[2025-09-08 09:03:27,785] [INFO] ess.py:93 - is_server_alive:None,is_ess_alive:True,working_server:None
[2025-09-08 09:03:28,786] [INFO] ess.py:93 - is_server_alive:None,is_ess_alive:True,working_server:None
[2025-09-08 09:03:29,787] [INFO] ess.py:93 - is_server_alive:None,is_ess_alive:True,working_server:None
[2025-09-08 09:03:30,787] [INFO] ess.py:93 - is_server_alive:None,is_ess_alive:True,working_server:None
[2025-09-08 09:03:31,788] [INFO] ess.py:93 - is_server_alive:None,is_ess_alive:True,working_server:None
[2025-09-08 09:03:32,789] [INFO] ess.py:93 - is_server_alive:None,is_ess_alive:True,working_server:None
[2025-09-08 09:03:33,789] [INFO] ess.py:93 - is_server_alive:None,is_ess_alive:True,working_server:None
[2025-09-08 09:03:34,790] [INFO] ess.py:93 - is_server_alive:None,is_ess_alive:True,working_server:None
[2025-09-08 09:03:35,791] [INFO] ess.py:93 - is_server_alive:None,is_ess_alive:True,working_server:None
[2025-09-08 09:03:36,792] [INFO] ess.py:93 - is_server_alive:None,is_ess_alive:True,working_server:None
[2025-09-08 09:03:37,793] [INFO] ess.py:93 - is_server_alive:None,is_ess_alive:True,working_server:None
[2025-09-08 09:03:38,793] [INFO] ess.py:93 - is_server_alive:None,is_ess_alive:True,working_server:None
[2025-09-08 09:03:39,794] [INFO] ess.py:93 - is_server_alive:None,is_ess_alive:True,working_server:None
[2025-09-08 09:03:40,795] [INFO] ess.py:93 - is_server_alive:None,is_ess_alive:True,working_server:None
[2025-09-08 09:03:41,795] [INFO] ess.py:93 - is_server_alive:None,is_ess_alive:True,working_server:None
[2025-09-08 09:03:42,796] [INFO] ess.py:93 - is_server_alive:None,is_ess_alive:True,working_server:None
[2025-09-08 09:03:43,797] [INFO] ess.py:93 - is_server_alive:None,is_ess_alive:True,working_server:None
[2025-09-08 09:03:44,798] [INFO] ess.py:93 - is_server_alive:None,is_ess_alive:True,working_server:None
[2025-09-08 09:03:45,798] [INFO] ess.py:93 - is_server_alive:None,is_ess_alive:True,working_server:None
[2025-09-08 09:03:46,799] [INFO] ess.py:93 - is_server_alive:None,is_ess_alive:True,working_server:None
[2025-09-08 09:03:47,800] [INFO] ess.py:93 - is_server_alive:None,is_ess_alive:True,working_server:None
[2025-09-08 09:03:48,800] [INFO] ess.py:93 - is_server_alive:None,is_ess_alive:True,working_server:None
[2025-09-08 09:03:49,801] [INFO] ess.py:93 - is_server_alive:None,is_ess_alive:True,working_server:None
[2025-09-08 09:03:50,801] [INFO] ess.py:93 - is_server_alive:None,is_ess_alive:True,working_server:None
[2025-09-08 09:03:51,802] [INFO] ess.py:93 - is_server_alive:None,is_ess_alive:True,working_server:None
[2025-09-08 09:03:52,803] [INFO] ess.py:93 - is_server_alive:None,is_ess_alive:True,working_server:None
[2025-09-08 09:03:53,803] [INFO] ess.py:93 - is_server_alive:None,is_ess_alive:True,working_server:None
[2025-09-08 09:03:54,804] [INFO] ess.py:93 - is_server_alive:None,is_ess_alive:True,working_server:None
[2025-09-08 09:03:55,804] [INFO] ess.py:93 - is_server_alive:None,is_ess_alive:True,working_server:None
[2025-09-08 09:03:56,805] [INFO] ess.py:93 - is_server_alive:None,is_ess_alive:True,working_server:None
[2025-09-08 09:03:57,806] [INFO] ess.py:93 - is_server_alive:None,is_ess_alive:True,working_server:None
[2025-09-08 09:03:58,806] [INFO] ess.py:93 - is_server_alive:None,is_ess_alive:True,working_server:None
[2025-09-08 09:03:59,807] [INFO] ess.py:93 - is_server_alive:None,is_ess_alive:True,working_server:None
[2025-09-08 09:04:00,808] [INFO] ess.py:93 - is_server_alive:None,is_ess_alive:True,working_server:None
[2025-09-08 09:04:01,808] [INFO] ess.py:93 - is_server_alive:None,is_ess_alive:True,working_server:None
[2025-09-08 09:04:02,809] [INFO] ess.py:93 - is_server_alive:None,is_ess_alive:True,working_server:None
[2025-09-08 09:04:03,810] [INFO] ess.py:93 - is_server_alive:None,is_ess_alive:True,working_server:None
[2025-09-08 09:04:04,810] [INFO] ess.py:93 - is_server_alive:None,is_ess_alive:True,working_server:None
[2025-09-08 09:04:05,811] [INFO] ess.py:93 - is_server_alive:None,is_ess_alive:True,working_server:None
[2025-09-08 09:04:06,812] [INFO] ess.py:93 - is_server_alive:None,is_ess_alive:True,working_server:None
[2025-09-08 09:04:07,813] [INFO] ess.py:93 - is_server_alive:None,is_ess_alive:True,working_server:None
[2025-09-08 09:04:08,814] [INFO] ess.py:93 - is_server_alive:None,is_ess_alive:True,working_server:None
[2025-09-08 09:04:09,814] [INFO] ess.py:93 - is_server_alive:None,is_ess_alive:True,working_server:None
[2025-09-08 09:04:10,815] [INFO] ess.py:93 - is_server_alive:None,is_ess_alive:True,working_server:None
[2025-09-08 09:04:11,816] [INFO] ess.py:93 - is_server_alive:None,is_ess_alive:True,working_server:None
[2025-09-08 09:04:12,816] [INFO] ess.py:93 - is_server_alive:None,is_ess_alive:True,working_server:None
[2025-09-08 09:04:13,816] [INFO] ess.py:93 - is_server_alive:None,is_ess_alive:True,working_server:None
[2025-09-08 09:04:14,817] [INFO] ess.py:93 - is_server_alive:None,is_ess_alive:True,working_server:None
[2025-09-08 09:04:15,818] [INFO] ess.py:93 - is_server_alive:None,is_ess_alive:True,working_server:None
[2025-09-08 09:04:16,818] [INFO] ess.py:93 - is_server_alive:None,is_ess_alive:True,working_server:None
[2025-09-08 09:04:17,819] [INFO] ess.py:93 - is_server_alive:None,is_ess_alive:True,working_server:None
[2025-09-08 09:04:18,819] [INFO] ess.py:93 - is_server_alive:None,is_ess_alive:True,working_server:None
[2025-09-08 09:04:19,820] [INFO] ess.py:93 - is_server_alive:None,is_ess_alive:True,working_server:None
[2025-09-08 09:04:20,820] [INFO] ess.py:93 - is_server_alive:None,is_ess_alive:True,working_server:None
[2025-09-08 09:04:21,821] [INFO] ess.py:93 - is_server_alive:None,is_ess_alive:True,working_server:None
[2025-09-08 09:04:22,822] [INFO] ess.py:93 - is_server_alive:None,is_ess_alive:True,working_server:None
[2025-09-08 09:04:23,822] [INFO] ess.py:93 - is_server_alive:None,is_ess_alive:True,working_server:None
[2025-09-08 09:04:24,823] [INFO] ess.py:93 - is_server_alive:None,is_ess_alive:True,working_server:None
[2025-09-08 09:04:25,824] [INFO] ess.py:93 - is_server_alive:None,is_ess_alive:True,working_server:None
[2025-09-08 09:04:26,825] [INFO] ess.py:93 - is_server_alive:None,is_ess_alive:True,working_server:None
[2025-09-08 09:04:27,825] [INFO] ess.py:93 - is_server_alive:None,is_ess_alive:True,working_server:None
[2025-09-08 09:04:28,826] [INFO] ess.py:93 - is_server_alive:None,is_ess_alive:True,working_server:None
[2025-09-08 09:04:29,827] [INFO] ess.py:93 - is_server_alive:None,is_ess_alive:True,working_server:None
[2025-09-08 09:04:30,827] [INFO] ess.py:93 - is_server_alive:None,is_ess_alive:True,working_server:None
[2025-09-08 09:04:31,828] [INFO] ess.py:93 - is_server_alive:None,is_ess_alive:True,working_server:None
[2025-09-08 09:04:32,829] [INFO] ess.py:93 - is_server_alive:None,is_ess_alive:True,working_server:None
[2025-09-08 09:04:33,829] [INFO] ess.py:93 - is_server_alive:None,is_ess_alive:True,working_server:None
[2025-09-08 09:04:34,830] [INFO] ess.py:93 - is_server_alive:None,is_ess_alive:True,working_server:None
[2025-09-08 09:04:35,831] [INFO] ess.py:93 - is_server_alive:None,is_ess_alive:True,working_server:None
[2025-09-08 09:04:36,831] [INFO] ess.py:93 - is_server_alive:None,is_ess_alive:True,working_server:None
[2025-09-08 09:04:37,832] [INFO] ess.py:93 - is_server_alive:None,is_ess_alive:True,working_server:None
[2025-09-08 09:04:38,833] [INFO] ess.py:93 - is_server_alive:None,is_ess_alive:True,working_server:None
[2025-09-08 09:04:39,833] [INFO] ess.py:93 - is_server_alive:None,is_ess_alive:True,working_server:None
[2025-09-08 09:04:40,834] [INFO] ess.py:93 - is_server_alive:None,is_ess_alive:True,working_server:None
[2025-09-08 09:04:41,834] [INFO] ess.py:93 - is_server_alive:None,is_ess_alive:True,working_server:None
[2025-09-08 09:04:42,835] [INFO] ess.py:93 - is_server_alive:None,is_ess_alive:True,working_server:None
[2025-09-08 09:04:43,835] [INFO] ess.py:93 - is_server_alive:None,is_ess_alive:True,working_server:None
[2025-09-08 09:04:44,836] [INFO] ess.py:93 - is_server_alive:None,is_ess_alive:True,working_server:None
[2025-09-08 09:04:45,836] [INFO] ess.py:93 - is_server_alive:None,is_ess_alive:True,working_server:None
[2025-09-08 09:04:46,837] [INFO] ess.py:93 - is_server_alive:None,is_ess_alive:True,working_server:None
[2025-09-08 09:04:47,838] [INFO] ess.py:93 - is_server_alive:None,is_ess_alive:True,working_server:None
[2025-09-08 09:04:48,838] [INFO] ess.py:93 - is_server_alive:None,is_ess_alive:True,working_server:None
[2025-09-08 09:04:49,839] [INFO] ess.py:93 - is_server_alive:None,is_ess_alive:True,working_server:None
[2025-09-08 09:04:50,840] [INFO] ess.py:93 - is_server_alive:None,is_ess_alive:True,working_server:None
[2025-09-08 09:04:51,841] [INFO] ess.py:93 - is_server_alive:None,is_ess_alive:True,working_server:None
[2025-09-08 09:04:52,841] [INFO] ess.py:93 - is_server_alive:None,is_ess_alive:True,working_server:None
[2025-09-08 09:04:53,842] [INFO] ess.py:93 - is_server_alive:None,is_ess_alive:True,working_server:None
[2025-09-08 09:04:54,843] [INFO] ess.py:93 - is_server_alive:None,is_ess_alive:True,working_server:None
[2025-09-08 09:04:55,843] [INFO] ess.py:93 - is_server_alive:None,is_ess_alive:True,working_server:None
[2025-09-08 09:04:56,844] [INFO] ess.py:93 - is_server_alive:None,is_ess_alive:True,working_server:None
[2025-09-08 09:04:57,845] [INFO] ess.py:93 - is_server_alive:None,is_ess_alive:True,working_server:None
[2025-09-08 09:04:58,845] [INFO] ess.py:93 - is_server_alive:None,is_ess_alive:True,working_server:None
[2025-09-08 09:04:59,845] [INFO] ess.py:93 - is_server_alive:None,is_ess_alive:True,working_server:None
[2025-09-08 09:05:00,846] [INFO] ess.py:93 - is_server_alive:None,is_ess_alive:True,working_server:None
[2025-09-08 09:05:01,847] [INFO] ess.py:93 - is_server_alive:None,is_ess_alive:True,working_server:None
[2025-09-08 09:05:02,847] [INFO] ess.py:93 - is_server_alive:None,is_ess_alive:True,working_server:None
[2025-09-08 09:05:03,848] [INFO] ess.py:93 - is_server_alive:None,is_ess_alive:True,working_server:None
[2025-09-08 09:05:04,849] [INFO] ess.py:93 - is_server_alive:None,is_ess_alive:True,working_server:None
[2025-09-08 09:05:05,849] [INFO] ess.py:93 - is_server_alive:None,is_ess_alive:True,working_server:None
[2025-09-08 09:05:06,850] [INFO] ess.py:93 - is_server_alive:None,is_ess_alive:True,working_server:None
[2025-09-08 09:05:07,850] [INFO] ess.py:93 - is_server_alive:None,is_ess_alive:True,working_server:None
[2025-09-08 09:05:08,851] [INFO] ess.py:93 - is_server_alive:None,is_ess_alive:True,working_server:None
[2025-09-08 09:05:09,851] [INFO] ess.py:93 - is_server_alive:None,is_ess_alive:True,working_server:None
[2025-09-08 09:05:10,852] [INFO] ess.py:93 - is_server_alive:None,is_ess_alive:True,working_server:None
[2025-09-08 09:05:11,853] [INFO] ess.py:93 - is_server_alive:None,is_ess_alive:True,working_server:None
[2025-09-08 09:05:12,853] [INFO] ess.py:93 - is_server_alive:None,is_ess_alive:True,working_server:None
[2025-09-08 09:05:13,854] [INFO] ess.py:93 - is_server_alive:None,is_ess_alive:True,working_server:None
[2025-09-08 09:05:14,855] [INFO] ess.py:93 - is_server_alive:None,is_ess_alive:True,working_server:None
[2025-09-08 09:05:15,855] [INFO] ess.py:93 - is_server_alive:None,is_ess_alive:True,working_server:None
[2025-09-08 09:05:16,856] [INFO] ess.py:93 - is_server_alive:None,is_ess_alive:True,working_server:None
[2025-09-08 09:05:17,857] [INFO] ess.py:93 - is_server_alive:None,is_ess_alive:True,working_server:None
[2025-09-08 09:05:18,857] [INFO] ess.py:93 - is_server_alive:None,is_ess_alive:True,working_server:None
[2025-09-08 09:05:19,858] [INFO] ess.py:93 - is_server_alive:None,is_ess_alive:True,working_server:None
[2025-09-08 09:05:20,859] [INFO] ess.py:93 - is_server_alive:None,is_ess_alive:True,working_server:None
[2025-09-08 09:05:21,859] [INFO] ess.py:93 - is_server_alive:None,is_ess_alive:True,working_server:None
[2025-09-08 09:05:22,860] [INFO] ess.py:93 - is_server_alive:None,is_ess_alive:True,working_server:None
[2025-09-08 09:05:23,861] [INFO] ess.py:93 - is_server_alive:None,is_ess_alive:True,working_server:None
[2025-09-08 09:05:24,861] [INFO] ess.py:93 - is_server_alive:None,is_ess_alive:True,working_server:None
[2025-09-08 09:05:25,862] [INFO] ess.py:93 - is_server_alive:None,is_ess_alive:True,working_server:None
[2025-09-08 09:05:26,863] [INFO] ess.py:93 - is_server_alive:None,is_ess_alive:True,working_server:None
[2025-09-08 09:05:27,863] [INFO] ess.py:93 - is_server_alive:None,is_ess_alive:True,working_server:None
[2025-09-08 09:05:28,864] [INFO] ess.py:93 - is_server_alive:None,is_ess_alive:True,working_server:None
[2025-09-08 09:05:29,864] [INFO] ess.py:93 - is_server_alive:None,is_ess_alive:True,working_server:None
[2025-09-08 09:05:30,865] [INFO] ess.py:93 - is_server_alive:None,is_ess_alive:True,working_server:None
[2025-09-08 09:05:31,865] [INFO] ess.py:93 - is_server_alive:None,is_ess_alive:True,working_server:None
[2025-09-08 09:05:32,866] [INFO] ess.py:93 - is_server_alive:None,is_ess_alive:True,working_server:None
[2025-09-08 09:05:33,866] [INFO] ess.py:93 - is_server_alive:None,is_ess_alive:True,working_server:None
[2025-09-08 09:05:34,867] [INFO] ess.py:93 - is_server_alive:None,is_ess_alive:True,working_server:None
[2025-09-08 09:05:35,868] [INFO] ess.py:93 - is_server_alive:None,is_ess_alive:True,working_server:None
[2025-09-08 09:05:36,868] [INFO] ess.py:93 - is_server_alive:None,is_ess_alive:True,working_server:None
[2025-09-08 09:05:37,868] [INFO] ess.py:93 - is_server_alive:None,is_ess_alive:True,working_server:None
[2025-09-08 09:05:38,869] [INFO] ess.py:93 - is_server_alive:None,is_ess_alive:True,working_server:None
[2025-09-08 09:05:39,870] [INFO] ess.py:93 - is_server_alive:None,is_ess_alive:True,working_server:None
[2025-09-08 09:05:40,870] [INFO] ess.py:93 - is_server_alive:None,is_ess_alive:True,working_server:None
[2025-09-08 09:05:41,871] [INFO] ess.py:93 - is_server_alive:None,is_ess_alive:True,working_server:None
[2025-09-08 09:05:42,871] [INFO] ess.py:93 - is_server_alive:None,is_ess_alive:True,working_server:None
[2025-09-08 09:05:43,872] [INFO] ess.py:93 - is_server_alive:None,is_ess_alive:True,working_server:None
[2025-09-08 09:05:44,873] [INFO] ess.py:93 - is_server_alive:None,is_ess_alive:True,working_server:None
[2025-09-08 09:05:45,874] [INFO] ess.py:93 - is_server_alive:None,is_ess_alive:True,working_server:None
[2025-09-08 09:05:46,874] [INFO] ess.py:93 - is_server_alive:None,is_ess_alive:True,working_server:None
[2025-09-08 09:05:47,875] [INFO] ess.py:93 - is_server_alive:None,is_ess_alive:True,working_server:None
[2025-09-08 09:05:48,876] [INFO] ess.py:93 - is_server_alive:None,is_ess_alive:True,working_server:None
[2025-09-08 09:05:49,876] [INFO] ess.py:93 - is_server_alive:None,is_ess_alive:True,working_server:None
[2025-09-08 09:05:50,877] [INFO] ess.py:93 - is_server_alive:None,is_ess_alive:True,working_server:None
[2025-09-08 09:05:51,878] [INFO] ess.py:93 - is_server_alive:None,is_ess_alive:True,working_server:None
[2025-09-08 09:05:52,879] [INFO] ess.py:93 - is_server_alive:None,is_ess_alive:True,working_server:None
[2025-09-08 09:05:53,879] [INFO] ess.py:93 - is_server_alive:None,is_ess_alive:True,working_server:None
[2025-09-08 09:05:54,880] [INFO] ess.py:93 - is_server_alive:None,is_ess_alive:True,working_server:None
[2025-09-08 09:05:55,881] [INFO] ess.py:93 - is_server_alive:None,is_ess_alive:True,working_server:None
[2025-09-08 09:05:56,881] [INFO] ess.py:93 - is_server_alive:None,is_ess_alive:True,working_server:None
[2025-09-08 09:05:57,882] [INFO] ess.py:93 - is_server_alive:None,is_ess_alive:True,working_server:None
[2025-09-08 09:05:58,882] [INFO] ess.py:93 - is_server_alive:None,is_ess_alive:True,working_server:None
[2025-09-08 09:05:59,883] [INFO] ess.py:93 - is_server_alive:None,is_ess_alive:True,working_server:None
[2025-09-08 09:06:00,883] [INFO] ess.py:93 - is_server_alive:None,is_ess_alive:True,working_server:None
[2025-09-08 09:06:01,884] [INFO] ess.py:93 - is_server_alive:None,is_ess_alive:True,working_server:None
[2025-09-08 09:06:02,884] [INFO] ess.py:93 - is_server_alive:None,is_ess_alive:True,working_server:None
[2025-09-08 09:06:03,885] [INFO] ess.py:93 - is_server_alive:None,is_ess_alive:True,working_server:None
[2025-09-08 09:06:04,886] [INFO] ess.py:93 - is_server_alive:None,is_ess_alive:True,working_server:None
[2025-09-08 09:06:05,886] [INFO] ess.py:93 - is_server_alive:None,is_ess_alive:True,working_server:None
[2025-09-08 09:06:06,886] [INFO] ess.py:93 - is_server_alive:None,is_ess_alive:True,working_server:None
[2025-09-08 09:06:07,887] [INFO] ess.py:93 - is_server_alive:None,is_ess_alive:True,working_server:None
[2025-09-08 09:06:08,888] [INFO] ess.py:93 - is_server_alive:None,is_ess_alive:True,working_server:None
[2025-09-08 09:06:09,889] [INFO] ess.py:93 - is_server_alive:None,is_ess_alive:True,working_server:None
[2025-09-08 09:06:10,889] [INFO] ess.py:93 - is_server_alive:None,is_ess_alive:True,working_server:None
[2025-09-08 09:06:11,890] [INFO] ess.py:93 - is_server_alive:None,is_ess_alive:True,working_server:None
[2025-09-08 09:06:12,890] [INFO] ess.py:93 - is_server_alive:None,is_ess_alive:True,working_server:None
[2025-09-08 09:06:13,891] [INFO] ess.py:93 - is_server_alive:None,is_ess_alive:True,working_server:None
[2025-09-08 09:06:14,892] [INFO] ess.py:93 - is_server_alive:None,is_ess_alive:True,working_server:None
[2025-09-08 09:06:15,892] [INFO] ess.py:93 - is_server_alive:None,is_ess_alive:True,working_server:None
[2025-09-08 09:06:16,893] [INFO] ess.py:93 - is_server_alive:None,is_ess_alive:True,working_server:None
[2025-09-08 09:06:17,893] [INFO] ess.py:93 - is_server_alive:None,is_ess_alive:True,working_server:None
[2025-09-08 09:06:18,894] [INFO] ess.py:93 - is_server_alive:None,is_ess_alive:True,working_server:None
[2025-09-08 09:06:19,895] [INFO] ess.py:93 - is_server_alive:None,is_ess_alive:True,working_server:None
[2025-09-08 09:06:20,896] [INFO] ess.py:93 - is_server_alive:None,is_ess_alive:True,working_server:None
[2025-09-08 09:06:21,896] [INFO] ess.py:93 - is_server_alive:None,is_ess_alive:True,working_server:None
[2025-09-08 09:06:22,897] [INFO] ess.py:93 - is_server_alive:None,is_ess_alive:True,working_server:None
[2025-09-08 09:06:23,898] [INFO] ess.py:93 - is_server_alive:None,is_ess_alive:True,working_server:None
[2025-09-08 09:06:24,898] [INFO] ess.py:93 - is_server_alive:None,is_ess_alive:True,working_server:None
[2025-09-08 09:06:25,899] [INFO] ess.py:93 - is_server_alive:None,is_ess_alive:True,working_server:None
[2025-09-08 09:06:26,899] [INFO] ess.py:93 - is_server_alive:None,is_ess_alive:True,working_server:None
[2025-09-08 09:06:27,900] [INFO] ess.py:93 - is_server_alive:None,is_ess_alive:True,working_server:None
[2025-09-08 09:06:28,901] [INFO] ess.py:93 - is_server_alive:None,is_ess_alive:True,working_server:None
[2025-09-08 09:06:29,901] [INFO] ess.py:93 - is_server_alive:None,is_ess_alive:True,working_server:None
[2025-09-08 09:06:30,902] [INFO] ess.py:93 - is_server_alive:None,is_ess_alive:True,working_server:None
[2025-09-08 09:06:31,902] [INFO] ess.py:93 - is_server_alive:None,is_ess_alive:True,working_server:None
[2025-09-08 09:06:32,903] [INFO] ess.py:93 - is_server_alive:None,is_ess_alive:True,working_server:None
[2025-09-08 09:06:33,904] [INFO] ess.py:93 - is_server_alive:None,is_ess_alive:True,working_server:None
[2025-09-08 09:06:34,904] [INFO] ess.py:93 - is_server_alive:None,is_ess_alive:True,working_server:None
[2025-09-08 09:06:35,905] [INFO] ess.py:93 - is_server_alive:None,is_ess_alive:True,working_server:None
[2025-09-08 09:06:36,906] [INFO] ess.py:93 - is_server_alive:None,is_ess_alive:True,working_server:None
[2025-09-08 09:06:37,907] [INFO] ess.py:93 - is_server_alive:None,is_ess_alive:True,working_server:None
[2025-09-08 09:06:38,908] [INFO] ess.py:93 - is_server_alive:None,is_ess_alive:True,working_server:None
[2025-09-08 09:06:39,908] [INFO] ess.py:93 - is_server_alive:None,is_ess_alive:True,working_server:None
[2025-09-08 09:06:40,909] [INFO] ess.py:93 - is_server_alive:None,is_ess_alive:True,working_server:None
[2025-09-08 09:06:41,910] [INFO] ess.py:93 - is_server_alive:None,is_ess_alive:True,working_server:None
[2025-09-08 09:06:42,911] [INFO] ess.py:93 - is_server_alive:None,is_ess_alive:True,working_server:None
[2025-09-08 09:06:43,911] [INFO] ess.py:93 - is_server_alive:None,is_ess_alive:True,working_server:None
[2025-09-08 09:06:44,912] [INFO] ess.py:93 - is_server_alive:None,is_ess_alive:True,working_server:None
[2025-09-08 09:06:45,912] [INFO] ess.py:93 - is_server_alive:None,is_ess_alive:True,working_server:None
[2025-09-08 09:06:46,913] [INFO] ess.py:93 - is_server_alive:None,is_ess_alive:True,working_server:None
[2025-09-08 09:06:47,914] [INFO] ess.py:93 - is_server_alive:None,is_ess_alive:True,working_server:None
[2025-09-08 09:06:48,914] [INFO] ess.py:93 - is_server_alive:None,is_ess_alive:True,working_server:None
[2025-09-08 09:06:49,915] [INFO] ess.py:93 - is_server_alive:None,is_ess_alive:True,working_server:None
[2025-09-08 09:06:50,915] [INFO] ess.py:93 - is_server_alive:None,is_ess_alive:True,working_server:None
[2025-09-08 09:06:51,916] [INFO] ess.py:93 - is_server_alive:None,is_ess_alive:True,working_server:None
[2025-09-08 09:06:52,916] [INFO] ess.py:93 - is_server_alive:None,is_ess_alive:True,working_server:None
[2025-09-08 09:06:53,917] [INFO] ess.py:93 - is_server_alive:None,is_ess_alive:True,working_server:None
[2025-09-08 09:06:54,918] [INFO] ess.py:93 - is_server_alive:None,is_ess_alive:True,working_server:None
[2025-09-08 09:06:55,918] [INFO] ess.py:93 - is_server_alive:None,is_ess_alive:True,working_server:None
[2025-09-08 09:06:56,919] [INFO] ess.py:93 - is_server_alive:None,is_ess_alive:True,working_server:None
[2025-09-08 09:06:57,919] [INFO] ess.py:93 - is_server_alive:None,is_ess_alive:True,working_server:None
[2025-09-08 09:06:58,920] [INFO] ess.py:93 - is_server_alive:None,is_ess_alive:True,working_server:None
[2025-09-08 09:06:59,920] [INFO] ess.py:93 - is_server_alive:None,is_ess_alive:True,working_server:None
[2025-09-08 09:07:00,921] [INFO] ess.py:93 - is_server_alive:None,is_ess_alive:True,working_server:None
[2025-09-08 09:07:01,922] [INFO] ess.py:93 - is_server_alive:None,is_ess_alive:True,working_server:None
[2025-09-08 09:07:02,922] [INFO] ess.py:93 - is_server_alive:None,is_ess_alive:True,working_server:None
[2025-09-08 09:07:03,923] [INFO] ess.py:93 - is_server_alive:None,is_ess_alive:True,working_server:None
[2025-09-08 09:07:04,924] [INFO] ess.py:93 - is_server_alive:None,is_ess_alive:True,working_server:None
[2025-09-08 09:07:05,924] [INFO] ess.py:93 - is_server_alive:None,is_ess_alive:True,working_server:None
[2025-09-08 09:07:06,925] [INFO] ess.py:93 - is_server_alive:None,is_ess_alive:True,working_server:None
[2025-09-08 09:07:07,926] [INFO] ess.py:93 - is_server_alive:None,is_ess_alive:True,working_server:None
[2025-09-08 09:07:08,927] [INFO] ess.py:93 - is_server_alive:None,is_ess_alive:True,working_server:None
[2025-09-08 09:07:09,928] [INFO] ess.py:93 - is_server_alive:None,is_ess_alive:True,working_server:None
[2025-09-08 09:07:10,928] [INFO] ess.py:93 - is_server_alive:None,is_ess_alive:True,working_server:None
[2025-09-08 09:07:11,929] [INFO] ess.py:93 - is_server_alive:None,is_ess_alive:True,working_server:None
[2025-09-08 09:07:12,930] [INFO] ess.py:93 - is_server_alive:None,is_ess_alive:True,working_server:None
[2025-09-08 09:07:13,930] [INFO] ess.py:93 - is_server_alive:None,is_ess_alive:True,working_server:None
[2025-09-08 09:07:14,931] [INFO] ess.py:93 - is_server_alive:None,is_ess_alive:True,working_server:None
[2025-09-08 09:07:15,931] [INFO] ess.py:93 - is_server_alive:None,is_ess_alive:True,working_server:None
[2025-09-08 09:07:16,932] [INFO] ess.py:93 - is_server_alive:None,is_ess_alive:True,working_server:None
[2025-09-08 09:07:17,932] [INFO] ess.py:93 - is_server_alive:None,is_ess_alive:True,working_server:None
[2025-09-08 09:07:18,933] [INFO] ess.py:93 - is_server_alive:None,is_ess_alive:True,working_server:None
[2025-09-08 09:07:19,933] [INFO] ess.py:93 - is_server_alive:None,is_ess_alive:True,working_server:None
[2025-09-08 09:07:20,934] [INFO] ess.py:93 - is_server_alive:None,is_ess_alive:True,working_server:None
[2025-09-08 09:07:21,934] [INFO] ess.py:93 - is_server_alive:None,is_ess_alive:True,working_server:None
[2025-09-08 09:07:22,935] [INFO] ess.py:93 - is_server_alive:None,is_ess_alive:True,working_server:None
[2025-09-08 09:07:23,935] [INFO] ess.py:93 - is_server_alive:None,is_ess_alive:True,working_server:None
[2025-09-08 09:07:24,936] [INFO] ess.py:93 - is_server_alive:None,is_ess_alive:True,working_server:None
[2025-09-08 09:07:25,936] [INFO] ess.py:93 - is_server_alive:None,is_ess_alive:True,working_server:None
[2025-09-08 09:07:26,937] [INFO] ess.py:93 - is_server_alive:None,is_ess_alive:True,working_server:None
[2025-09-08 09:07:27,938] [INFO] ess.py:93 - is_server_alive:None,is_ess_alive:True,working_server:None
[2025-09-08 09:07:28,938] [INFO] ess.py:93 - is_server_alive:None,is_ess_alive:True,working_server:None
[2025-09-08 09:07:29,939] [INFO] ess.py:93 - is_server_alive:None,is_ess_alive:True,working_server:None
[2025-09-08 09:07:30,940] [INFO] ess.py:93 - is_server_alive:None,is_ess_alive:True,working_server:None
[2025-09-08 09:07:31,940] [INFO] ess.py:93 - is_server_alive:None,is_ess_alive:True,working_server:None
[2025-09-08 09:07:32,941] [INFO] ess.py:93 - is_server_alive:None,is_ess_alive:True,working_server:None
[2025-09-08 09:07:33,942] [INFO] ess.py:93 - is_server_alive:None,is_ess_alive:True,working_server:None
[2025-09-08 09:07:34,943] [INFO] ess.py:93 - is_server_alive:None,is_ess_alive:True,working_server:None
[2025-09-08 09:07:35,944] [INFO] ess.py:93 - is_server_alive:None,is_ess_alive:True,working_server:None
[2025-09-08 09:07:36,944] [INFO] ess.py:93 - is_server_alive:None,is_ess_alive:True,working_server:None
[2025-09-08 09:07:37,945] [INFO] ess.py:93 - is_server_alive:None,is_ess_alive:True,working_server:None
[2025-09-08 09:07:38,946] [INFO] ess.py:93 - is_server_alive:None,is_ess_alive:True,working_server:None
[2025-09-08 09:07:39,946] [INFO] ess.py:93 - is_server_alive:None,is_ess_alive:True,working_server:None
[2025-09-08 09:07:40,947] [INFO] ess.py:93 - is_server_alive:None,is_ess_alive:True,working_server:None
[2025-09-08 09:07:41,947] [INFO] ess.py:93 - is_server_alive:None,is_ess_alive:True,working_server:None
[2025-09-08 09:07:42,948] [INFO] ess.py:93 - is_server_alive:None,is_ess_alive:True,working_server:None
[2025-09-08 09:07:43,948] [INFO] ess.py:93 - is_server_alive:None,is_ess_alive:True,working_server:None
[2025-09-08 09:07:44,949] [INFO] ess.py:93 - is_server_alive:None,is_ess_alive:True,working_server:None
[2025-09-08 09:07:45,949] [INFO] ess.py:93 - is_server_alive:None,is_ess_alive:True,working_server:None
[2025-09-08 09:07:46,950] [INFO] ess.py:93 - is_server_alive:None,is_ess_alive:True,working_server:None
[2025-09-08 09:07:47,951] [INFO] ess.py:93 - is_server_alive:None,is_ess_alive:True,working_server:None
[2025-09-08 09:07:48,951] [INFO] ess.py:93 - is_server_alive:None,is_ess_alive:True,working_server:None
[2025-09-08 09:07:49,952] [INFO] ess.py:93 - is_server_alive:None,is_ess_alive:True,working_server:None
[2025-09-08 09:07:50,952] [INFO] ess.py:93 - is_server_alive:None,is_ess_alive:True,working_server:None
[2025-09-08 09:07:51,953] [INFO] ess.py:93 - is_server_alive:None,is_ess_alive:True,working_server:None
[2025-09-08 09:07:52,953] [INFO] ess.py:93 - is_server_alive:None,is_ess_alive:True,working_server:None
[2025-09-08 09:07:53,954] [INFO] ess.py:93 - is_server_alive:None,is_ess_alive:True,working_server:None
[2025-09-08 09:07:54,955] [INFO] ess.py:93 - is_server_alive:None,is_ess_alive:True,working_server:None
[2025-09-08 09:07:55,955] [INFO] ess.py:93 - is_server_alive:None,is_ess_alive:True,working_server:None
[2025-09-08 09:07:56,956] [INFO] ess.py:93 - is_server_alive:None,is_ess_alive:True,working_server:None
[2025-09-08 09:07:57,956] [INFO] ess.py:93 - is_server_alive:None,is_ess_alive:True,working_server:None
[2025-09-08 09:07:58,957] [INFO] ess.py:93 - is_server_alive:None,is_ess_alive:True,working_server:None
[2025-09-08 09:07:59,958] [INFO] ess.py:93 - is_server_alive:None,is_ess_alive:True,working_server:None
[2025-09-08 09:08:00,958] [INFO] ess.py:93 - is_server_alive:None,is_ess_alive:True,working_server:None
[2025-09-08 09:08:01,959] [INFO] ess.py:93 - is_server_alive:None,is_ess_alive:True,working_server:None
[2025-09-08 09:08:02,960] [INFO] ess.py:93 - is_server_alive:None,is_ess_alive:True,working_server:None
[2025-09-08 09:08:03,961] [INFO] ess.py:93 - is_server_alive:None,is_ess_alive:True,working_server:None
[2025-09-08 09:08:04,962] [INFO] ess.py:93 - is_server_alive:None,is_ess_alive:True,working_server:None
[2025-09-08 09:08:05,962] [INFO] ess.py:93 - is_server_alive:None,is_ess_alive:True,working_server:None
[2025-09-08 09:08:06,963] [INFO] ess.py:93 - is_server_alive:None,is_ess_alive:True,working_server:None
[2025-09-08 09:08:07,964] [INFO] ess.py:93 - is_server_alive:None,is_ess_alive:True,working_server:None
[2025-09-08 09:08:08,964] [INFO] ess.py:93 - is_server_alive:None,is_ess_alive:True,working_server:None
[2025-09-08 09:08:09,965] [INFO] ess.py:93 - is_server_alive:None,is_ess_alive:True,working_server:None
[2025-09-08 09:08:10,966] [INFO] ess.py:93 - is_server_alive:None,is_ess_alive:True,working_server:None
[2025-09-08 09:08:11,966] [INFO] ess.py:93 - is_server_alive:None,is_ess_alive:True,working_server:None
[2025-09-08 09:08:12,967] [INFO] ess.py:93 - is_server_alive:None,is_ess_alive:True,working_server:None
[2025-09-08 09:08:13,967] [INFO] ess.py:93 - is_server_alive:None,is_ess_alive:True,working_server:None
[2025-09-08 09:08:14,968] [INFO] ess.py:93 - is_server_alive:None,is_ess_alive:True,working_server:None
[2025-09-08 09:08:15,969] [INFO] ess.py:93 - is_server_alive:None,is_ess_alive:True,working_server:None
[2025-09-08 09:08:16,969] [INFO] ess.py:93 - is_server_alive:None,is_ess_alive:True,working_server:None
[2025-09-08 09:08:17,970] [INFO] ess.py:93 - is_server_alive:None,is_ess_alive:True,working_server:None
[2025-09-08 09:08:18,971] [INFO] ess.py:93 - is_server_alive:None,is_ess_alive:True,working_server:None
[2025-09-08 09:08:19,971] [INFO] ess.py:93 - is_server_alive:None,is_ess_alive:True,working_server:None
[2025-09-08 09:08:20,972] [INFO] ess.py:93 - is_server_alive:None,is_ess_alive:True,working_server:None
[2025-09-08 09:08:21,973] [INFO] ess.py:93 - is_server_alive:None,is_ess_alive:True,working_server:None
[2025-09-08 09:08:22,973] [INFO] ess.py:93 - is_server_alive:None,is_ess_alive:True,working_server:None
[2025-09-08 09:08:23,974] [INFO] ess.py:93 - is_server_alive:None,is_ess_alive:True,working_server:None
[2025-09-08 09:08:24,974] [INFO] ess.py:93 - is_server_alive:None,is_ess_alive:True,working_server:None
[2025-09-08 09:08:25,975] [INFO] ess.py:93 - is_server_alive:None,is_ess_alive:True,working_server:None
[2025-09-08 09:08:26,976] [INFO] ess.py:93 - is_server_alive:None,is_ess_alive:True,working_server:None
[2025-09-08 09:08:27,976] [INFO] ess.py:93 - is_server_alive:None,is_ess_alive:True,working_server:None
[2025-09-08 09:08:28,977] [INFO] ess.py:93 - is_server_alive:None,is_ess_alive:True,working_server:None
[2025-09-08 09:08:29,977] [INFO] ess.py:93 - is_server_alive:None,is_ess_alive:True,working_server:None
[2025-09-08 09:08:30,978] [INFO] ess.py:93 - is_server_alive:None,is_ess_alive:True,working_server:None
[2025-09-08 09:08:31,979] [INFO] ess.py:93 - is_server_alive:None,is_ess_alive:True,working_server:None
[2025-09-08 09:08:32,979] [INFO] ess.py:93 - is_server_alive:None,is_ess_alive:True,working_server:None
[2025-09-08 09:08:33,980] [INFO] ess.py:93 - is_server_alive:None,is_ess_alive:True,working_server:None
[2025-09-08 09:08:34,981] [INFO] ess.py:93 - is_server_alive:None,is_ess_alive:True,working_server:None
[2025-09-08 09:08:35,981] [INFO] ess.py:93 - is_server_alive:None,is_ess_alive:True,working_server:None
[2025-09-08 09:08:36,982] [INFO] ess.py:93 - is_server_alive:None,is_ess_alive:True,working_server:None
[2025-09-08 09:08:37,982] [INFO] ess.py:93 - is_server_alive:None,is_ess_alive:True,working_server:None
[2025-09-08 09:08:38,983] [INFO] ess.py:93 - is_server_alive:None,is_ess_alive:True,working_server:None
[2025-09-08 09:08:39,983] [INFO] ess.py:93 - is_server_alive:None,is_ess_alive:True,working_server:None
[2025-09-08 09:08:40,984] [INFO] ess.py:93 - is_server_alive:None,is_ess_alive:True,working_server:None
[2025-09-08 09:08:41,984] [INFO] ess.py:93 - is_server_alive:None,is_ess_alive:True,working_server:None
[2025-09-08 09:08:42,985] [INFO] ess.py:93 - is_server_alive:None,is_ess_alive:True,working_server:None
[2025-09-08 09:08:43,986] [INFO] ess.py:93 - is_server_alive:None,is_ess_alive:True,working_server:None
[2025-09-08 09:08:44,986] [INFO] ess.py:93 - is_server_alive:None,is_ess_alive:True,working_server:None
[2025-09-08 09:08:45,987] [INFO] ess.py:93 - is_server_alive:None,is_ess_alive:True,working_server:None
[2025-09-08 09:08:46,988] [INFO] ess.py:93 - is_server_alive:None,is_ess_alive:True,working_server:None
[2025-09-08 09:08:47,988] [INFO] ess.py:93 - is_server_alive:None,is_ess_alive:True,working_server:None
[2025-09-08 09:08:48,989] [INFO] ess.py:93 - is_server_alive:None,is_ess_alive:True,working_server:None
[2025-09-08 09:08:49,989] [INFO] ess.py:93 - is_server_alive:None,is_ess_alive:True,working_server:None
[2025-09-08 09:08:50,990] [INFO] ess.py:93 - is_server_alive:None,is_ess_alive:True,working_server:None
[2025-09-08 09:08:51,990] [INFO] ess.py:93 - is_server_alive:None,is_ess_alive:True,working_server:None
[2025-09-08 09:08:52,991] [INFO] ess.py:93 - is_server_alive:None,is_ess_alive:True,working_server:None
[2025-09-08 09:08:53,992] [INFO] ess.py:93 - is_server_alive:None,is_ess_alive:True,working_server:None
[2025-09-08 09:08:54,992] [INFO] ess.py:93 - is_server_alive:None,is_ess_alive:True,working_server:None
[2025-09-08 09:08:55,993] [INFO] ess.py:93 - is_server_alive:None,is_ess_alive:True,working_server:None
[2025-09-08 09:08:56,993] [INFO] ess.py:93 - is_server_alive:None,is_ess_alive:True,working_server:None
[2025-09-08 09:08:57,994] [INFO] ess.py:93 - is_server_alive:None,is_ess_alive:True,working_server:None
[2025-09-08 09:08:58,995] [INFO] ess.py:93 - is_server_alive:None,is_ess_alive:True,working_server:None
[2025-09-08 09:08:59,995] [INFO] ess.py:93 - is_server_alive:None,is_ess_alive:True,working_server:None
[2025-09-08 09:09:00,996] [INFO] ess.py:93 - is_server_alive:None,is_ess_alive:True,working_server:None
[2025-09-08 09:09:01,996] [INFO] ess.py:93 - is_server_alive:None,is_ess_alive:True,working_server:None
[2025-09-08 09:09:02,997] [INFO] ess.py:93 - is_server_alive:None,is_ess_alive:True,working_server:None
[2025-09-08 09:09:03,998] [INFO] ess.py:93 - is_server_alive:None,is_ess_alive:True,working_server:None
[2025-09-08 09:09:04,998] [INFO] ess.py:93 - is_server_alive:None,is_ess_alive:True,working_server:None
[2025-09-08 09:09:05,999] [INFO] ess.py:93 - is_server_alive:None,is_ess_alive:True,working_server:None
[2025-09-08 09:09:06,999] [INFO] ess.py:93 - is_server_alive:None,is_ess_alive:True,working_server:None
[2025-09-08 09:09:08,000] [INFO] ess.py:93 - is_server_alive:None,is_ess_alive:True,working_server:None
[2025-09-08 09:09:09,000] [INFO] ess.py:93 - is_server_alive:None,is_ess_alive:True,working_server:None
[2025-09-08 09:09:10,001] [INFO] ess.py:93 - is_server_alive:None,is_ess_alive:True,working_server:None
[2025-09-08 09:09:11,001] [INFO] ess.py:93 - is_server_alive:None,is_ess_alive:True,working_server:None
[2025-09-08 09:09:12,002] [INFO] ess.py:93 - is_server_alive:None,is_ess_alive:True,working_server:None
[2025-09-08 09:09:13,002] [INFO] ess.py:93 - is_server_alive:None,is_ess_alive:True,working_server:None
[2025-09-08 09:09:14,003] [INFO] ess.py:93 - is_server_alive:None,is_ess_alive:True,working_server:None
[2025-09-08 09:09:15,003] [INFO] ess.py:93 - is_server_alive:None,is_ess_alive:True,working_server:None
[2025-09-08 09:09:16,004] [INFO] ess.py:93 - is_server_alive:None,is_ess_alive:True,working_server:None
[2025-09-08 09:09:17,005] [INFO] ess.py:93 - is_server_alive:None,is_ess_alive:True,working_server:None
[2025-09-08 09:09:18,005] [INFO] ess.py:93 - is_server_alive:None,is_ess_alive:True,working_server:None
[2025-09-08 09:09:19,006] [INFO] ess.py:93 - is_server_alive:None,is_ess_alive:True,working_server:None
[2025-09-08 09:09:20,007] [INFO] ess.py:93 - is_server_alive:None,is_ess_alive:True,working_server:None
[2025-09-08 09:09:21,007] [INFO] ess.py:93 - is_server_alive:None,is_ess_alive:True,working_server:None
[2025-09-08 09:09:22,008] [INFO] ess.py:93 - is_server_alive:None,is_ess_alive:True,working_server:None
[2025-09-08 09:09:23,009] [INFO] ess.py:93 - is_server_alive:None,is_ess_alive:True,working_server:None
[2025-09-08 09:09:24,009] [INFO] ess.py:93 - is_server_alive:None,is_ess_alive:True,working_server:None
[2025-09-08 09:09:25,010] [INFO] ess.py:93 - is_server_alive:None,is_ess_alive:True,working_server:None
[2025-09-08 09:09:26,011] [INFO] ess.py:93 - is_server_alive:None,is_ess_alive:True,working_server:None
[2025-09-08 09:09:27,011] [INFO] ess.py:93 - is_server_alive:None,is_ess_alive:True,working_server:None
[2025-09-08 09:09:28,011] [INFO] ess.py:93 - is_server_alive:None,is_ess_alive:True,working_server:None
[2025-09-08 09:09:29,012] [INFO] ess.py:93 - is_server_alive:None,is_ess_alive:True,working_server:None
[2025-09-08 01:11:31,556] [INFO] ess.py:102 - Config check passed
[2025-09-08 01:11:31,557] [INFO] ess.py:106 - Redis connection established
[2025-09-08 01:11:31,557] [INFO] ess.py:72 - sucessfullly assigned jobs 
[2025-09-08 01:11:31,557] [INFO] ess.py:93 - is_server_alive:None,is_ess_alive:None,working_server:None
[2025-09-08 01:11:32,557] [INFO] ess.py:93 - is_server_alive:None,is_ess_alive:None,working_server:None
[2025-09-08 01:11:33,558] [INFO] ess.py:93 - is_server_alive:None,is_ess_alive:None,working_server:None
[2025-09-08 01:11:34,558] [INFO] ess.py:93 - is_server_alive:None,is_ess_alive:None,working_server:None
[2025-09-08 01:11:35,558] [INFO] ess.py:93 - is_server_alive:None,is_ess_alive:None,working_server:None
[2025-09-08 01:11:36,558] [INFO] ess.py:93 - is_server_alive:None,is_ess_alive:None,working_server:None
[2025-09-08 01:11:37,559] [INFO] ess.py:93 - is_server_alive:None,is_ess_alive:None,working_server:None
[2025-09-08 01:11:38,559] [INFO] ess.py:93 - is_server_alive:None,is_ess_alive:None,working_server:None
[2025-09-08 01:11:39,559] [INFO] ess.py:93 - is_server_alive:None,is_ess_alive:None,working_server:None
[2025-09-08 01:11:40,559] [INFO] ess.py:93 - is_server_alive:None,is_ess_alive:None,working_server:None
[2025-09-08 01:11:41,560] [INFO] ess.py:93 - is_server_alive:None,is_ess_alive:None,working_server:None
[2025-09-08 01:11:42,560] [INFO] ess.py:93 - is_server_alive:None,is_ess_alive:None,working_server:None
[2025-09-08 01:11:43,560] [INFO] ess.py:93 - is_server_alive:None,is_ess_alive:None,working_server:None
[2025-09-08 01:11:44,560] [INFO] ess.py:93 - is_server_alive:None,is_ess_alive:None,working_server:None
